// Jest Snapshot v1, https://goo.gl/fbAQLP

exports[`NewAdvertForm snapshot testing 1`] = `
<Form
  initialValue={
    Object {
      "name": "",
      "price": "",
      "sale": null,
      "tags": Array [],
    }
  }
  onSubmit={[MockFunction]}
>
  <FormField
    autofocus={true}
    name="name"
    type="text"
  />
  <FormField
    name="price"
    type="number"
  />
  <Radio
    arrayValues={
      Array [
        "Buy",
        "Sell",
      ]
    }
    name="sale"
  />
  <Select
    name="tags"
  />
  <FormField
    accept="image/*"
    name="photo"
    type="file"
  />
  <FormButton
    id="form-submit"
    type="submit"
    variant="primary"
  >
    Publish
  </FormButton>
</Form>
`;
